[devs.budpay.com/server-to-server.html]
[devs.budpay.com/img/favicon.ico]
[backblue.gif]
[fade.gif]
[index.html]
[ajax.googleapis.com/ajax/libs/jquery/3.5.1/jquery.min.js]
[cdnjs.cloudflare.com/ajax/libs/toastr.js/latest/toastr.min.css]
[cdnjs.cloudflare.com/ajax/libs/toastr.js/latest/js/toastr.min.js]
[devs.budpay.com/img/spinner_logo.png]
[devs.budpay.com/img/logo.png]
[devs.budpay.com/index.html]
[devs.budpay.com/img/logo-w.png]
[devs.budpay.com/forum]
[devs.budpay.com/knowledgebase]
[devs.budpay.com/api.html]
[devs.budpay.com/img/side-nav/home.png]
[devs.budpay.com/img/side-nav/briefcase.png]
[devs.budpay.com/authentication.html]
[devs.budpay.com/test-cards.html]
[devs.budpay.com/test-banks.html]
[devs.budpay.com/test-ussd.html]
[devs.budpay.com/test-numbers.html]
[devs.budpay.com/img/card-payment.png]
[devs.budpay.com/inline-checkout.html]
[devs.budpay.com/standard-checkout.html]
[devs.budpay.com/server-to-server-bank-transfer-checkout.html]
[devs.budpay.com/server-to-server-v2.html]
[devs.budpay.com/verify-transaction.html]
[devs.budpay.com/fetch-transaction.html]
[devs.budpay.com/img/debit-card.png]
[devs.budpay.com/cards.html]
[devs.budpay.com/bank-transfer.html]
[devs.budpay.com/ussd.html]
[devs.budpay.com/momo.html]
[devs.budpay.com/img/gateway.png]
[devs.budpay.com/request-payment.html]
[devs.budpay.com/create-payment-link.html]
[devs.budpay.com/create-invoice.html]
[devs.budpay.com/customer.html]
[devs.budpay.com/virtual-account.html]
[devs.budpay.com/settlements.html]
[devs.budpay.com/refunds.html]
[devs.budpay.com/img/transfer.png]
[devs.budpay.com/bank-list.html]
[devs.budpay.com/account-name-validation.html]
[devs.budpay.com/single-payout.html]
[devs.budpay.com/bulk-payout.html]
[devs.budpay.com/verify-payout.html]
[devs.budpay.com/payout-fees.html]
[devs.budpay.com/wallet-balance.html]
[devs.budpay.com/wallet-transactions.html]
[devs.budpay.com/img/utility.png]
[devs.budpay.com/airtime.html]
[devs.budpay.com/internet.html]
[devs.budpay.com/tv.html]
[devs.budpay.com/electricity.html]
[devs.budpay.com/img/identity.png]
[devs.budpay.com/verify-account-name.html]
[devs.budpay.com/bvn-verification.html]
[devs.budpay.com/libraries.html]
[devs.budpay.com/img/plugin.png]
[devs.budpay.com/webhook.html]
[devs.budpay.com/img/webhook.png]
[devs.budpay.com/signature-calculator.html]
[devs.budpay.com/img/encryption.png]
[devs.budpay.com/responses.html]
[devs.budpay.com/img/side-nav/coding.png]
[devs.budpay.com/currency-code.html]
[devs.budpay.com/img/emv3DS.png]
[devs.budpay.com/GET]
[devs.budpay.com/img/favicon.png]
[devs.budpay.com/js/jquery-3.5.1.min.js]
[devs.budpay.com/js/pre-loader.js]
[devs.budpay.com/assets/bootstrap/js/popper.min.js]
[devs.budpay.com/assets/bootstrap/js/bootstrap.min.js]
[devs.budpay.com/assets/bootstrap/js/bootstrap-select.min.js]
[devs.budpay.com/assets/magnify-pop/jquery.magnific-popup.min.js]
[devs.budpay.com/assets/tooltipster/js/tooltipster.bundle.min.js]
[devs.budpay.com/js/jquery.parallax-scroll.js]
[devs.budpay.com/assets/niceselectpicker/jquery.nice-select.min.js]
[devs.budpay.com/assets/wow/wow.min.js]
[devs.budpay.com/assets/mcustomscrollbar/jquery.mCustomScrollbar.concat.min.js]
[devs.budpay.com/assets/font-size/js/rv-jquery-fontsize-2.0.3.min.js]
[devs.budpay.com/js/anchor.js]
[unpkg.com/ionicons@5.4.0/dist/ionicons.js]
[devs.budpay.com/js/plugins.js]
[devs.budpay.com/js/main.js]
[devs.budpay.com/assets/prism/prism.js]
[devs.budpay.com/livewire/livewire6b46.js]
[cdn.jsdelivr.net/gh/livewire/turbolinks@v0.1.4/dist/livewire-turbolinks.js]
[devs.budpay.com/server-to-server.html]
[devs.budpay.com/assets/bootstrap/css/bootstrap.min.css]
[devs.budpay.com/assets/bootstrap/css/bootstrap-select.min.css]
[devs.budpay.com/assets/magnify-pop/magnific-popup.css]
[devs.budpay.com/assets/elagent-icon/fonts/ElegantIcons.eot]
[devs.budpay.com/assets/elagent-icon/fonts/ElegantIconsd41d.eot]
[devs.budpay.com/assets/elagent-icon/fonts/ElegantIcons.woff]
[devs.budpay.com/assets/elagent-icon/fonts/ElegantIcons.ttf]
[devs.budpay.com/assets/elagent-icon/style.css]
[devs.budpay.com/assets/niceselectpicker/nice-select.css]
[devs.budpay.com/assets/animation/animate.css]
[devs.budpay.com/assets/mcustomscrollbar/mCSB_buttons.png]
[devs.budpay.com/assets/mcustomscrollbar/jquery.mCustomScrollbar.min.css]
[devs.budpay.com/img/banner-bg.png]
[devs.budpay.com/img/home_one/dow_bg.png]
[devs.budpay.com/img/svg/arrow_left.svg]
[devs.budpay.com/img/play-button.png]
[devs.budpay.com/img/action_bg.jpg]
[devs.budpay.com/img/home_support/overlay_bg.png]
[devs.budpay.com/img/icon/green-check.png]
[devs.budpay.com/img/blog-grid/top_post.jpg]
[devs.budpay.com/img/blog-classic/quote_top.png]
[devs.budpay.com/img/blog-classic/quote_bottom.png]
[devs.budpay.com/img/blog-classic/icon_01.png]
[devs.budpay.com/img/blog-classic/icon_02.png]
[devs.budpay.com/css/style-main.css]
[devs.budpay.com/css/responsive.css]
[devs.budpay.com/assets/prism/prism.css]
[cdnjs.cloudflare.com/ajax/libs/toastr.js/latest/toastr.min.css]
[code.ionicframework.com/ionicons/2.0.1/css/ionicons.min.css]
[devs.budpay.com/js/video-active.js]
[devs.budpay.com/js/theme.js]
[devs.budpay.com/img/home-tow/icon/plus-1.png]
[devs.budpay.com/img/home-tow/icon/slide-1.png]
[devs.budpay.com/img/home-tow/icon/slide-2.png]
[devs.budpay.com/img/home-tow/icon/slide-3.png]
[devs.budpay.com/img/home-tow/icon/slide-4.png]
[devs.budpay.com/img/home-tow/icon/slide-5.png]
[devs.budpay.com/img/home-tow/icon/slide-6.png]
[devs.budpay.com/img/home-tow/icon/slide-7.png]
[devs.budpay.com/img/home-tow/icon/slide-8.png]
[devs.budpay.com/img/home-tow/icon/h-icon-1.png]
[devs.budpay.com/img/home-tow/icon/h-icon-2.png]
[devs.budpay.com/img/home-tow/icon/h-icon-3.png]
[devs.budpay.com/img/home-tow/icon/solution-1.png]
[devs.budpay.com/img/home-tow/icon/solution-2.png]
[devs.budpay.com/img/home-tow/support-shap.png]
[devs.budpay.com/img/home-tow/support.png]
[devs.budpay.com/assets/slick/slick.min.js]
[devs.budpay.com/assets/video/artplayer.js]
[devs.budpay.com/index.html]
[devs.budpay.com/forum.html]
[devs.budpay.com/knowledgebase.html]
[devs.budpay.com/api.html]
[devs.budpay.com/authentication.html]
[devs.budpay.com/img/mastercard.png]
[devs.budpay.com/img/visa.jpg]
[devs.budpay.com/img/verve.png]
[devs.budpay.com/test-cards.html]
[devs.budpay.com/test-banks.html]
[devs.budpay.com/test-ussd.html]
[devs.budpay.com/img/bills/Airtel-Airtime.jpg]
[devs.budpay.com/img/bills/MTN-Airtime.jpg]
[devs.budpay.com/img/bills/GLO-Airtime.jpg]
[devs.budpay.com/img/bills/9mobile-Airtime.jpg]
[devs.budpay.com/img/bills/Airtel-Data.jpg]
[devs.budpay.com/img/bills/MTN-Data.jpg]
[devs.budpay.com/img/bills/GLO-Data.jpg]
[devs.budpay.com/img/bills/9mobile-Data.jpg]
[devs.budpay.com/img/bills/Pay-DSTV-Subscription.jpg]
[devs.budpay.com/img/bills/Gotv-Payment.jpg]
[devs.budpay.com/img/bills/Startimes-Subscription.jpg]
[devs.budpay.com/img/bills/ShowMax.jpg]
[devs.budpay.com/img/bills/Abuja-Electric.jpg]
[devs.budpay.com/img/bills/Eko-Electric-Payment-PHCN.jpg]
[devs.budpay.com/img/bills/IBEDC-Ibadan-Electricity-Distribution-Company.jpg]
[devs.budpay.com/img/bills/Ikeja-Electric-Payment-PHCN.jpg]
[devs.budpay.com/img/bills/Jos-Electric-JED.jpg]
[devs.budpay.com/img/bills/Kaduna-Electric-KAEDCO.jpg]
[devs.budpay.com/img/bills/Kano-Electric.jpg]
[devs.budpay.com/img/bills/Port-Harcourt-Electric.jpg]
[devs.budpay.com/test-numbers.html]
[devs.budpay.com/inline-checkout.html]
[devs.budpay.com/standard-checkout.html]
[devs.budpay.com/server-to-server-bank-transfer-checkout.html]
[devs.budpay.com/server-to-server-v2.html]
[devs.budpay.com/verify-transaction.html]
[devs.budpay.com/fetch-transaction.html]
[devs.budpay.com/img/card.jpg]
[devs.budpay.com/cards.html]
[devs.budpay.com/img/transfer.jpg]
[devs.budpay.com/bank-transfer.html]
[devs.budpay.com/img/ussd.jpg]
[devs.budpay.com/ussd.html]
[devs.budpay.com/img/momo.jpg]
[devs.budpay.com/momo.html]
[devs.budpay.com/request-payment.html]
[devs.budpay.com/create-payment-link.html]
[devs.budpay.com/create-invoice.html]
[devs.budpay.com/customer.html]
[devs.budpay.com/virtual-account.html]
[devs.budpay.com/settlements.html]
[devs.budpay.com/refunds.html]
[devs.budpay.com/bank-list.html]
[devs.budpay.com/account-name-validation.html]
[devs.budpay.com/single-payout.html]
[devs.budpay.com/bulk-payout.html]
[devs.budpay.com/verify-payout.html]
[devs.budpay.com/payout-fees.html]
[devs.budpay.com/wallet-balance.html]
[devs.budpay.com/wallet-transactions.html]
[devs.budpay.com/airtime.html]
[devs.budpay.com/internet.html]
[devs.budpay.com/tv.html]
[devs.budpay.com/electricity.html]
[devs.budpay.com/verify-account-name.html]
[devs.budpay.com/bvn-verification.html]
[devs.budpay.com/libraries.html]
[devs.budpay.com/webhook.html]
[devs.budpay.com/signature-calculator.html]
[devs.budpay.com/img/checked.png]
[devs.budpay.com/img/warning.png]
[devs.budpay.com/img/cancel.png]
[devs.budpay.com/responses.html]
[devs.budpay.com/currency-code.html]
[devs.budpay.com/GET.html]
[devs.budpay.com/img/favicon.html]
[devs.budpay.com/assets/elagent-icon/fonts/ElegantIcons.svg]
[devs.budpay.com/assets/mcustomscrollbar/mCSB_buttons.html]
[devs.budpay.com/img/svg/arrow_left.html]
[code.ionicframework.com/ionicons/2.0.1/css/ionicons.min.css]
